Archive member included to satisfy reference by file (symbol)

c:/program files/microchip/xc8/v3.00/avr/bin/../lib/gcc/avr/5.4.0/avrxmega3\libgcc.a(_copy_data.o)
                              build/default/debug/mcc_generated_files/system/src/config_bits.o (__do_copy_data)
c:/program files/microchip/xc8/v3.00/avr/bin/../lib/gcc/avr/5.4.0/../../../../avr/lib/avrxmega3\libc.a(exit.o)
                              C:/Program Files/Microchip/MPLABX/v6.25/packs/Microchip/ATtiny_DFP/3.2.268/xc8/avr/lib/avrxmega3/crtattiny1616.o (exit)
c:/program files/microchip/xc8/v3.00/avr/bin/../lib/gcc/avr/5.4.0/../../../../avr/lib/avrxmega3\libc.a(__sio_printf_dosux.o)
                              build/default/debug/main.o (_printf_cdopsuxX)
c:/program files/microchip/xc8/v3.00/avr/bin/../lib/gcc/avr/5.4.0/../../../../avr/lib/avrxmega3\libc.a(__fmt_d.o)
                              c:/program files/microchip/xc8/v3.00/avr/bin/../lib/gcc/avr/5.4.0/../../../../avr/lib/avrxmega3\libc.a(__sio_printf_dosux.o) (__fmt_d_needed)
c:/program files/microchip/xc8/v3.00/avr/bin/../lib/gcc/avr/5.4.0/../../../../avr/lib/avrxmega3\libc.a(__fmt_o.o)
                              c:/program files/microchip/xc8/v3.00/avr/bin/../lib/gcc/avr/5.4.0/../../../../avr/lib/avrxmega3\libc.a(__sio_printf_dosux.o) (__fmt_o_needed)
c:/program files/microchip/xc8/v3.00/avr/bin/../lib/gcc/avr/5.4.0/../../../../avr/lib/avrxmega3\libc.a(__fmt_s.o)
                              c:/program files/microchip/xc8/v3.00/avr/bin/../lib/gcc/avr/5.4.0/../../../../avr/lib/avrxmega3\libc.a(__sio_printf_dosux.o) (__fmt_s_needed)
c:/program files/microchip/xc8/v3.00/avr/bin/../lib/gcc/avr/5.4.0/../../../../avr/lib/avrxmega3\libc.a(__fmt_u.o)
                              c:/program files/microchip/xc8/v3.00/avr/bin/../lib/gcc/avr/5.4.0/../../../../avr/lib/avrxmega3\libc.a(__fmt_d.o) (__cvt_u)
c:/program files/microchip/xc8/v3.00/avr/bin/../lib/gcc/avr/5.4.0/../../../../avr/lib/avrxmega3\libc.a(__fmt_x.o)
                              c:/program files/microchip/xc8/v3.00/avr/bin/../lib/gcc/avr/5.4.0/../../../../avr/lib/avrxmega3\libc.a(__sio_printf_dosux.o) (__fmt_x_needed)
c:/program files/microchip/xc8/v3.00/avr/bin/../lib/gcc/avr/5.4.0/../../../../avr/lib/avrxmega3\libc.a(__pop_int.o)
                              c:/program files/microchip/xc8/v3.00/avr/bin/../lib/gcc/avr/5.4.0/../../../../avr/lib/avrxmega3\libc.a(__sio_printf_dosux.o) (__pop_int_needed)
c:/program files/microchip/xc8/v3.00/avr/bin/../lib/gcc/avr/5.4.0/../../../../avr/lib/avrxmega3\libc.a(__printf_core.o)
                              c:/program files/microchip/xc8/v3.00/avr/bin/../lib/gcc/avr/5.4.0/../../../../avr/lib/avrxmega3\libc.a(__fmt_d.o) (__pad)
c:/program files/microchip/xc8/v3.00/avr/bin/../lib/gcc/avr/5.4.0/../../../../avr/lib/avrxmega3\libc.a(fputc.o)
                              c:/program files/microchip/xc8/v3.00/avr/bin/../lib/gcc/avr/5.4.0/../../../../avr/lib/avrxmega3\libc.a(__printf_core.o) (fputc)
c:/program files/microchip/xc8/v3.00/avr/bin/../lib/gcc/avr/5.4.0/../../../../avr/lib/avrxmega3\libc.a(stdout.o)
                              build/default/debug/mcc_generated_files/uart/src/usart0.o (_stdout)
c:/program files/microchip/xc8/v3.00/avr/bin/../lib/gcc/avr/5.4.0/../../../../avr/lib/avrxmega3\libc.a(strlen.o)
                              c:/program files/microchip/xc8/v3.00/avr/bin/../lib/gcc/avr/5.4.0/../../../../avr/lib/avrxmega3\libc.a(__fmt_s.o) (strlen)
c:/program files/microchip/xc8/v3.00/avr/bin/../lib/gcc/avr/5.4.0/../../../../avr/lib/avrxmega3\libc.a(tolower.o)
                              c:/program files/microchip/xc8/v3.00/avr/bin/../lib/gcc/avr/5.4.0/../../../../avr/lib/avrxmega3\libc.a(__printf_core.o) (tolower)
c:/program files/microchip/xc8/v3.00/avr/bin/../lib/gcc/avr/5.4.0/../../../../avr/lib/avrxmega3\libc.a(toupper.o)
                              c:/program files/microchip/xc8/v3.00/avr/bin/../lib/gcc/avr/5.4.0/../../../../avr/lib/avrxmega3\libc.a(__fmt_x.o) (toupper)
c:/program files/microchip/xc8/v3.00/avr/bin/../lib/gcc/avr/5.4.0/../../../../avr/lib/avrxmega3\libc.a(errno.o)
                              c:/program files/microchip/xc8/v3.00/avr/bin/../lib/gcc/avr/5.4.0/../../../../avr/lib/avrxmega3\libc.a(__printf_core.o) (__errno_val)
c:/program files/microchip/xc8/v3.00/avr/bin/../lib/gcc/avr/5.4.0/../../../../avr/lib/avrxmega3\libc.a(_Exit.o)
                              c:/program files/microchip/xc8/v3.00/avr/bin/../lib/gcc/avr/5.4.0/../../../../avr/lib/avrxmega3\libc.a(exit.o) (_Exit)
c:/program files/microchip/xc8/v3.00/avr/bin/../lib/gcc/avr/5.4.0/../../../../avr/lib/avrxmega3\libc.a(__int_vfprintf.o)
                              c:/program files/microchip/xc8/v3.00/avr/bin/../lib/gcc/avr/5.4.0/../../../../avr/lib/avrxmega3\libc.a(__sio_printf_dosux.o) (__vfprintf)
c:/program files/microchip/xc8/v3.00/avr/bin/../lib/gcc/avr/5.4.0/avrxmega3\libgcc.a(_udivmodsi4.o)
                              c:/program files/microchip/xc8/v3.00/avr/bin/../lib/gcc/avr/5.4.0/../../../../avr/lib/avrxmega3\libc.a(__fmt_u.o) (__udivmodsi4)
c:/program files/microchip/xc8/v3.00/avr/bin/../lib/gcc/avr/5.4.0/avrxmega3\libgcc.a(_exit.o)
                              c:/program files/microchip/xc8/v3.00/avr/bin/../lib/gcc/avr/5.4.0/../../../../avr/lib/avrxmega3\libc.a(_Exit.o) (_exit)
c:/program files/microchip/xc8/v3.00/avr/bin/../lib/gcc/avr/5.4.0/avrxmega3\libgcc.a(_prologue.o)
                              c:/program files/microchip/xc8/v3.00/avr/bin/../lib/gcc/avr/5.4.0/../../../../avr/lib/avrxmega3\libc.a(__sio_printf_dosux.o) (__prologue_saves__)
c:/program files/microchip/xc8/v3.00/avr/bin/../lib/gcc/avr/5.4.0/avrxmega3\libgcc.a(_epilogue.o)
                              c:/program files/microchip/xc8/v3.00/avr/bin/../lib/gcc/avr/5.4.0/../../../../avr/lib/avrxmega3\libc.a(__sio_printf_dosux.o) (__epilogue_restores__)

Allocating common symbols
Common symbol       size              file

__stdout_used       0x2               c:/program files/microchip/xc8/v3.00/avr/bin/../lib/gcc/avr/5.4.0/../../../../avr/lib/avrxmega3\libc.a(stdout.o)
__errno_val         0x2               c:/program files/microchip/xc8/v3.00/avr/bin/../lib/gcc/avr/5.4.0/../../../../avr/lib/avrxmega3\libc.a(errno.o)

Discarded input sections

 .data          0x0000000000000000        0x0 C:/Program Files/Microchip/MPLABX/v6.25/packs/Microchip/ATtiny_DFP/3.2.268/xc8/avr/lib/avrxmega3/crtattiny1616.o
 .bss           0x0000000000000000        0x0 C:/Program Files/Microchip/MPLABX/v6.25/packs/Microchip/ATtiny_DFP/3.2.268/xc8/avr/lib/avrxmega3/crtattiny1616.o
 .text          0x0000000000000000        0x0 build/default/debug/mcc_generated_files/examples/UART_Example/uart_example.o
 .data          0x0000000000000000        0x0 build/default/debug/mcc_generated_files/examples/UART_Example/uart_example.o
 .bss           0x0000000000000000        0x0 build/default/debug/mcc_generated_files/examples/UART_Example/uart_example.o
 .debug_line    0x0000000000000000        0x0 build/default/debug/mcc_generated_files/examples/UART_Example/uart_example.o
 .debug_str     0x0000000000000000        0x0 build/default/debug/mcc_generated_files/examples/UART_Example/uart_example.o
 .comment       0x0000000000000000       0x30 build/default/debug/mcc_generated_files/examples/UART_Example/uart_example.o
 .text          0x0000000000000000        0x0 build/default/debug/mcc_generated_files/system/src/system.o
 .data          0x0000000000000000        0x0 build/default/debug/mcc_generated_files/system/src/system.o
 .bss           0x0000000000000000        0x0 build/default/debug/mcc_generated_files/system/src/system.o
 .text          0x0000000000000000        0x0 build/default/debug/mcc_generated_files/system/src/config_bits.o
 .data          0x0000000000000000        0x0 build/default/debug/mcc_generated_files/system/src/config_bits.o
 .bss           0x0000000000000000        0x0 build/default/debug/mcc_generated_files/system/src/config_bits.o
 .text          0x0000000000000000        0x0 build/default/debug/mcc_generated_files/system/src/interrupt.o
 .data          0x0000000000000000        0x0 build/default/debug/mcc_generated_files/system/src/interrupt.o
 .bss           0x0000000000000000        0x0 build/default/debug/mcc_generated_files/system/src/interrupt.o
 .text          0x0000000000000000        0x0 build/default/debug/mcc_generated_files/system/src/clock.o
 .data          0x0000000000000000        0x0 build/default/debug/mcc_generated_files/system/src/clock.o
 .bss           0x0000000000000000        0x0 build/default/debug/mcc_generated_files/system/src/clock.o
 .text          0x0000000000000000        0x0 build/default/debug/mcc_generated_files/system/src/pins.o
 .data          0x0000000000000000        0x0 build/default/debug/mcc_generated_files/system/src/pins.o
 .bss           0x0000000000000000        0x0 build/default/debug/mcc_generated_files/system/src/pins.o
 .text.IO_PB3_SetInterruptHandler
                0x0000000000000000        0xa build/default/debug/mcc_generated_files/system/src/pins.o
 .text.IO_PB2_SetInterruptHandler
                0x0000000000000000        0xa build/default/debug/mcc_generated_files/system/src/pins.o
 .text.Blu_LED_SetInterruptHandler
                0x0000000000000000        0xa build/default/debug/mcc_generated_files/system/src/pins.o
 .text.Red_LED_SetInterruptHandler
                0x0000000000000000        0xa build/default/debug/mcc_generated_files/system/src/pins.o
 .text          0x0000000000000000        0x0 build/default/debug/mcc_generated_files/system/src/protected_io.o
 .data          0x0000000000000000        0x0 build/default/debug/mcc_generated_files/system/src/protected_io.o
 .bss           0x0000000000000000        0x0 build/default/debug/mcc_generated_files/system/src/protected_io.o
 .text          0x0000000000000000        0x0 build/default/debug/mcc_generated_files/uart/src/usart0.o
 .data          0x0000000000000000        0x0 build/default/debug/mcc_generated_files/uart/src/usart0.o
 .bss           0x0000000000000000        0x0 build/default/debug/mcc_generated_files/uart/src/usart0.o
 .text.USART0_Deinitialize
                0x0000000000000000       0x18 build/default/debug/mcc_generated_files/uart/src/usart0.o
 .text.USART0_TransmitEnable
                0x0000000000000000        0xc build/default/debug/mcc_generated_files/uart/src/usart0.o
 .text.USART0_TransmitDisable
                0x0000000000000000        0xc build/default/debug/mcc_generated_files/uart/src/usart0.o
 .text.USART0_AutoBaudSet
                0x0000000000000000       0x28 build/default/debug/mcc_generated_files/uart/src/usart0.o
 .text.USART0_AutoBaudQuery
                0x0000000000000000        0xa build/default/debug/mcc_generated_files/uart/src/usart0.o
 .text.USART0_IsRxReady
                0x0000000000000000        0xc build/default/debug/mcc_generated_files/uart/src/usart0.o
 .text.USART0_IsTxDone
                0x0000000000000000        0xc build/default/debug/mcc_generated_files/uart/src/usart0.o
 .text.USART0_ErrorGet
                0x0000000000000000       0x72 build/default/debug/mcc_generated_files/uart/src/usart0.o
 .text.USART0_Read
                0x0000000000000000        0x6 build/default/debug/mcc_generated_files/uart/src/usart0.o
 .text.USART0_Write
                0x0000000000000000        0x6 build/default/debug/mcc_generated_files/uart/src/usart0.o
 .text.USART0_FramingErrorCallbackRegister
                0x0000000000000000        0xe build/default/debug/mcc_generated_files/uart/src/usart0.o
 .text.USART0_OverrunErrorCallbackRegister
                0x0000000000000000        0xe build/default/debug/mcc_generated_files/uart/src/usart0.o
 .text.USART0_ParityErrorCallbackRegister
                0x0000000000000000        0xe build/default/debug/mcc_generated_files/uart/src/usart0.o
 .text.USART0_Enable
                0x0000000000000000        0xc build/default/debug/mcc_generated_files/uart/src/usart0.o
 .text.USART0_Disable
                0x0000000000000000        0xc build/default/debug/mcc_generated_files/uart/src/usart0.o
 .text.USART0_ReceiveEnable
                0x0000000000000000        0xc build/default/debug/mcc_generated_files/uart/src/usart0.o
 .text.USART0_ReceiveDisable
                0x0000000000000000        0xc build/default/debug/mcc_generated_files/uart/src/usart0.o
 .text.USART0_IsAutoBaudDetectError
                0x0000000000000000        0xc build/default/debug/mcc_generated_files/uart/src/usart0.o
 .text.USART0_AutoBaudDetectErrorReset
                0x0000000000000000       0x28 build/default/debug/mcc_generated_files/uart/src/usart0.o
 .rodata.UART0  0x0000000000000000       0x30 build/default/debug/mcc_generated_files/uart/src/usart0.o
 .text          0x0000000000000000        0x0 build/default/debug/main.o
 .data          0x0000000000000000        0x0 build/default/debug/main.o
 .bss           0x0000000000000000        0x0 build/default/debug/main.o
 .text          0x0000000000000000        0x0 c:/program files/microchip/xc8/v3.00/avr/bin/../lib/gcc/avr/5.4.0/avrxmega3\libgcc.a(_copy_data.o)
 .data          0x0000000000000000        0x0 c:/program files/microchip/xc8/v3.00/avr/bin/../lib/gcc/avr/5.4.0/avrxmega3\libgcc.a(_copy_data.o)
 .bss           0x0000000000000000        0x0 c:/program files/microchip/xc8/v3.00/avr/bin/../lib/gcc/avr/5.4.0/avrxmega3\libgcc.a(_copy_data.o)
 .text.libgcc.mul
                0x0000000000000000        0x0 c:/program files/microchip/xc8/v3.00/avr/bin/../lib/gcc/avr/5.4.0/avrxmega3\libgcc.a(_copy_data.o)
 .text.libgcc.div
                0x0000000000000000        0x0 c:/program files/microchip/xc8/v3.00/avr/bin/../lib/gcc/avr/5.4.0/avrxmega3\libgcc.a(_copy_data.o)
 .text.libgcc   0x0000000000000000        0x0 c:/program files/microchip/xc8/v3.00/avr/bin/../lib/gcc/avr/5.4.0/avrxmega3\libgcc.a(_copy_data.o)
 .text.libgcc.prologue
                0x0000000000000000        0x0 c:/program files/microchip/xc8/v3.00/avr/bin/../lib/gcc/avr/5.4.0/avrxmega3\libgcc.a(_copy_data.o)
 .text.libgcc.builtins
                0x0000000000000000        0x0 c:/program files/microchip/xc8/v3.00/avr/bin/../lib/gcc/avr/5.4.0/avrxmega3\libgcc.a(_copy_data.o)
 .text.libgcc.fmul
                0x0000000000000000        0x0 c:/program files/microchip/xc8/v3.00/avr/bin/../lib/gcc/avr/5.4.0/avrxmega3\libgcc.a(_copy_data.o)
 .text.libgcc.fixed
                0x0000000000000000        0x0 c:/program files/microchip/xc8/v3.00/avr/bin/../lib/gcc/avr/5.4.0/avrxmega3\libgcc.a(_copy_data.o)
 .text          0x0000000000000000        0x0 c:/program files/microchip/xc8/v3.00/avr/bin/../lib/gcc/avr/5.4.0/../../../../avr/lib/avrxmega3\libc.a(exit.o)
 .data          0x0000000000000000        0x0 c:/program files/microchip/xc8/v3.00/avr/bin/../lib/gcc/avr/5.4.0/../../../../avr/lib/avrxmega3\libc.a(exit.o)
 .bss           0x0000000000000000        0x0 c:/program files/microchip/xc8/v3.00/avr/bin/../lib/gcc/avr/5.4.0/../../../../avr/lib/avrxmega3\libc.a(exit.o)
 .stack.descriptors
                0x0000000000000000       0x73 c:/program files/microchip/xc8/v3.00/avr/bin/../lib/gcc/avr/5.4.0/../../../../avr/lib/avrxmega3\libc.a(exit.o)
 .text          0x0000000000000000        0x0 c:/program files/microchip/xc8/v3.00/avr/bin/../lib/gcc/avr/5.4.0/../../../../avr/lib/avrxmega3\libc.a(__sio_printf_dosux.o)
 .data          0x0000000000000000        0x0 c:/program files/microchip/xc8/v3.00/avr/bin/../lib/gcc/avr/5.4.0/../../../../avr/lib/avrxmega3\libc.a(__sio_printf_dosux.o)
 .bss           0x0000000000000000        0x0 c:/program files/microchip/xc8/v3.00/avr/bin/../lib/gcc/avr/5.4.0/../../../../avr/lib/avrxmega3\libc.a(__sio_printf_dosux.o)
 .stack.descriptors
                0x0000000000000000       0x3b c:/program files/microchip/xc8/v3.00/avr/bin/../lib/gcc/avr/5.4.0/../../../../avr/lib/avrxmega3\libc.a(__sio_printf_dosux.o)
 .text.__sio_printf_dosux
                0x0000000000000000       0x1a c:/program files/microchip/xc8/v3.00/avr/bin/../lib/gcc/avr/5.4.0/../../../../avr/lib/avrxmega3\libc.a(__sio_printf_dosux.o)
 .text          0x0000000000000000        0x0 c:/program files/microchip/xc8/v3.00/avr/bin/../lib/gcc/avr/5.4.0/../../../../avr/lib/avrxmega3\libc.a(__fmt_d.o)
 .data          0x0000000000000000        0x0 c:/program files/microchip/xc8/v3.00/avr/bin/../lib/gcc/avr/5.4.0/../../../../avr/lib/avrxmega3\libc.a(__fmt_d.o)
 .bss           0x0000000000000000        0x0 c:/program files/microchip/xc8/v3.00/avr/bin/../lib/gcc/avr/5.4.0/../../../../avr/lib/avrxmega3\libc.a(__fmt_d.o)
 .stack.descriptors
                0x0000000000000000       0x15 c:/program files/microchip/xc8/v3.00/avr/bin/../lib/gcc/avr/5.4.0/../../../../avr/lib/avrxmega3\libc.a(__fmt_d.o)
 .text          0x0000000000000000        0x0 c:/program files/microchip/xc8/v3.00/avr/bin/../lib/gcc/avr/5.4.0/../../../../avr/lib/avrxmega3\libc.a(__fmt_o.o)
 .data          0x0000000000000000        0x0 c:/program files/microchip/xc8/v3.00/avr/bin/../lib/gcc/avr/5.4.0/../../../../avr/lib/avrxmega3\libc.a(__fmt_o.o)
 .bss           0x0000000000000000        0x0 c:/program files/microchip/xc8/v3.00/avr/bin/../lib/gcc/avr/5.4.0/../../../../avr/lib/avrxmega3\libc.a(__fmt_o.o)
 .stack.descriptors
                0x0000000000000000       0x15 c:/program files/microchip/xc8/v3.00/avr/bin/../lib/gcc/avr/5.4.0/../../../../avr/lib/avrxmega3\libc.a(__fmt_o.o)
 .text          0x0000000000000000        0x0 c:/program files/microchip/xc8/v3.00/avr/bin/../lib/gcc/avr/5.4.0/../../../../avr/lib/avrxmega3\libc.a(__fmt_s.o)
 .data          0x0000000000000000        0x0 c:/program files/microchip/xc8/v3.00/avr/bin/../lib/gcc/avr/5.4.0/../../../../avr/lib/avrxmega3\libc.a(__fmt_s.o)
 .bss           0x0000000000000000        0x0 c:/program files/microchip/xc8/v3.00/avr/bin/../lib/gcc/avr/5.4.0/../../../../avr/lib/avrxmega3\libc.a(__fmt_s.o)
 .stack.descriptors
                0x0000000000000000       0x15 c:/program files/microchip/xc8/v3.00/avr/bin/../lib/gcc/avr/5.4.0/../../../../avr/lib/avrxmega3\libc.a(__fmt_s.o)
 .text          0x0000000000000000        0x0 c:/program files/microchip/xc8/v3.00/avr/bin/../lib/gcc/avr/5.4.0/../../../../avr/lib/avrxmega3\libc.a(__fmt_u.o)
 .data          0x0000000000000000        0x0 c:/program files/microchip/xc8/v3.00/avr/bin/../lib/gcc/avr/5.4.0/../../../../avr/lib/avrxmega3\libc.a(__fmt_u.o)
 .bss           0x0000000000000000        0x0 c:/program files/microchip/xc8/v3.00/avr/bin/../lib/gcc/avr/5.4.0/../../../../avr/lib/avrxmega3\libc.a(__fmt_u.o)
 .stack.descriptors
                0x0000000000000000       0x2a c:/program files/microchip/xc8/v3.00/avr/bin/../lib/gcc/avr/5.4.0/../../../../avr/lib/avrxmega3\libc.a(__fmt_u.o)
 .text          0x0000000000000000        0x0 c:/program files/microchip/xc8/v3.00/avr/bin/../lib/gcc/avr/5.4.0/../../../../avr/lib/avrxmega3\libc.a(__fmt_x.o)
 .data          0x0000000000000000        0x0 c:/program files/microchip/xc8/v3.00/avr/bin/../lib/gcc/avr/5.4.0/../../../../avr/lib/avrxmega3\libc.a(__fmt_x.o)
 .bss           0x0000000000000000        0x0 c:/program files/microchip/xc8/v3.00/avr/bin/../lib/gcc/avr/5.4.0/../../../../avr/lib/avrxmega3\libc.a(__fmt_x.o)
 .stack.descriptors
                0x0000000000000000       0x15 c:/program files/microchip/xc8/v3.00/avr/bin/../lib/gcc/avr/5.4.0/../../../../avr/lib/avrxmega3\libc.a(__fmt_x.o)
 .text          0x0000000000000000        0x0 c:/program files/microchip/xc8/v3.00/avr/bin/../lib/gcc/avr/5.4.0/../../../../avr/lib/avrxmega3\libc.a(__pop_int.o)
 .data          0x0000000000000000        0x0 c:/program files/microchip/xc8/v3.00/avr/bin/../lib/gcc/avr/5.4.0/../../../../avr/lib/avrxmega3\libc.a(__pop_int.o)
 .bss           0x0000000000000000        0x0 c:/program files/microchip/xc8/v3.00/avr/bin/../lib/gcc/avr/5.4.0/../../../../avr/lib/avrxmega3\libc.a(__pop_int.o)
 .stack.descriptors
                0x0000000000000000       0x17 c:/program files/microchip/xc8/v3.00/avr/bin/../lib/gcc/avr/5.4.0/../../../../avr/lib/avrxmega3\libc.a(__pop_int.o)
 .text          0x0000000000000000        0x0 c:/program files/microchip/xc8/v3.00/avr/bin/../lib/gcc/avr/5.4.0/../../../../avr/lib/avrxmega3\libc.a(__printf_core.o)
 .data          0x0000000000000000        0x0 c:/program files/microchip/xc8/v3.00/avr/bin/../lib/gcc/avr/5.4.0/../../../../avr/lib/avrxmega3\libc.a(__printf_core.o)
 .bss           0x0000000000000000        0x0 c:/program files/microchip/xc8/v3.00/avr/bin/../lib/gcc/avr/5.4.0/../../../../avr/lib/avrxmega3\libc.a(__printf_core.o)
 .stack.descriptors
                0x0000000000000000       0x91 c:/program files/microchip/xc8/v3.00/avr/bin/../lib/gcc/avr/5.4.0/../../../../avr/lib/avrxmega3\libc.a(__printf_core.o)
 .text          0x0000000000000000        0x0 c:/program files/microchip/xc8/v3.00/avr/bin/../lib/gcc/avr/5.4.0/../../../../avr/lib/avrxmega3\libc.a(fputc.o)
 .data          0x0000000000000000        0x0 c:/program files/microchip/xc8/v3.00/avr/bin/../lib/gcc/avr/5.4.0/../../../../avr/lib/avrxmega3\libc.a(fputc.o)
 .bss           0x0000000000000000        0x0 c:/program files/microchip/xc8/v3.00/avr/bin/../lib/gcc/avr/5.4.0/../../../../avr/lib/avrxmega3\libc.a(fputc.o)
 .stack.descriptors
                0x0000000000000000       0x13 c:/program files/microchip/xc8/v3.00/avr/bin/../lib/gcc/avr/5.4.0/../../../../avr/lib/avrxmega3\libc.a(fputc.o)
 .text          0x0000000000000000        0x0 c:/program files/microchip/xc8/v3.00/avr/bin/../lib/gcc/avr/5.4.0/../../../../avr/lib/avrxmega3\libc.a(stdout.o)
 .data          0x0000000000000000        0x0 c:/program files/microchip/xc8/v3.00/avr/bin/../lib/gcc/avr/5.4.0/../../../../avr/lib/avrxmega3\libc.a(stdout.o)
 .bss           0x0000000000000000        0x0 c:/program files/microchip/xc8/v3.00/avr/bin/../lib/gcc/avr/5.4.0/../../../../avr/lib/avrxmega3\libc.a(stdout.o)
 .stack.descriptors
                0x0000000000000000       0x1b c:/program files/microchip/xc8/v3.00/avr/bin/../lib/gcc/avr/5.4.0/../../../../avr/lib/avrxmega3\libc.a(stdout.o)
 .text.__init_stdout
                0x0000000000000000       0x1e c:/program files/microchip/xc8/v3.00/avr/bin/../lib/gcc/avr/5.4.0/../../../../avr/lib/avrxmega3\libc.a(stdout.o)
 .data.f        0x0000000000000000       0x10 c:/program files/microchip/xc8/v3.00/avr/bin/../lib/gcc/avr/5.4.0/../../../../avr/lib/avrxmega3\libc.a(stdout.o)
 COMMON         0x0000000000000000        0x2 c:/program files/microchip/xc8/v3.00/avr/bin/../lib/gcc/avr/5.4.0/../../../../avr/lib/avrxmega3\libc.a(stdout.o)
 .text          0x0000000000000000        0x0 c:/program files/microchip/xc8/v3.00/avr/bin/../lib/gcc/avr/5.4.0/../../../../avr/lib/avrxmega3\libc.a(strlen.o)
 .data          0x0000000000000000        0x0 c:/program files/microchip/xc8/v3.00/avr/bin/../lib/gcc/avr/5.4.0/../../../../avr/lib/avrxmega3\libc.a(strlen.o)
 .bss           0x0000000000000000        0x0 c:/program files/microchip/xc8/v3.00/avr/bin/../lib/gcc/avr/5.4.0/../../../../avr/lib/avrxmega3\libc.a(strlen.o)
 .stack.descriptors
                0x0000000000000000       0x14 c:/program files/microchip/xc8/v3.00/avr/bin/../lib/gcc/avr/5.4.0/../../../../avr/lib/avrxmega3\libc.a(strlen.o)
 .text          0x0000000000000000        0x0 c:/program files/microchip/xc8/v3.00/avr/bin/../lib/gcc/avr/5.4.0/../../../../avr/lib/avrxmega3\libc.a(tolower.o)
 .data          0x0000000000000000        0x0 c:/program files/microchip/xc8/v3.00/avr/bin/../lib/gcc/avr/5.4.0/../../../../avr/lib/avrxmega3\libc.a(tolower.o)
 .bss           0x0000000000000000        0x0 c:/program files/microchip/xc8/v3.00/avr/bin/../lib/gcc/avr/5.4.0/../../../../avr/lib/avrxmega3\libc.a(tolower.o)
 .stack.descriptors
                0x0000000000000000       0x2e c:/program files/microchip/xc8/v3.00/avr/bin/../lib/gcc/avr/5.4.0/../../../../avr/lib/avrxmega3\libc.a(tolower.o)
 .text.__tolower_l
                0x0000000000000000        0x6 c:/program files/microchip/xc8/v3.00/avr/bin/../lib/gcc/avr/5.4.0/../../../../avr/lib/avrxmega3\libc.a(tolower.o)
 .text          0x0000000000000000        0x0 c:/program files/microchip/xc8/v3.00/avr/bin/../lib/gcc/avr/5.4.0/../../../../avr/lib/avrxmega3\libc.a(toupper.o)
 .data          0x0000000000000000        0x0 c:/program files/microchip/xc8/v3.00/avr/bin/../lib/gcc/avr/5.4.0/../../../../avr/lib/avrxmega3\libc.a(toupper.o)
 .bss           0x0000000000000000        0x0 c:/program files/microchip/xc8/v3.00/avr/bin/../lib/gcc/avr/5.4.0/../../../../avr/lib/avrxmega3\libc.a(toupper.o)
 .stack.descriptors
                0x0000000000000000       0x2e c:/program files/microchip/xc8/v3.00/avr/bin/../lib/gcc/avr/5.4.0/../../../../avr/lib/avrxmega3\libc.a(toupper.o)
 .text.__toupper_l
                0x0000000000000000        0x6 c:/program files/microchip/xc8/v3.00/avr/bin/../lib/gcc/avr/5.4.0/../../../../avr/lib/avrxmega3\libc.a(toupper.o)
 .text          0x0000000000000000        0x0 c:/program files/microchip/xc8/v3.00/avr/bin/../lib/gcc/avr/5.4.0/../../../../avr/lib/avrxmega3\libc.a(errno.o)
 .data          0x0000000000000000        0x0 c:/program files/microchip/xc8/v3.00/avr/bin/../lib/gcc/avr/5.4.0/../../../../avr/lib/avrxmega3\libc.a(errno.o)
 .bss           0x0000000000000000        0x0 c:/program files/microchip/xc8/v3.00/avr/bin/../lib/gcc/avr/5.4.0/../../../../avr/lib/avrxmega3\libc.a(errno.o)
 .text          0x0000000000000000        0x0 c:/program files/microchip/xc8/v3.00/avr/bin/../lib/gcc/avr/5.4.0/../../../../avr/lib/avrxmega3\libc.a(_Exit.o)
 .data          0x0000000000000000        0x0 c:/program files/microchip/xc8/v3.00/avr/bin/../lib/gcc/avr/5.4.0/../../../../avr/lib/avrxmega3\libc.a(_Exit.o)
 .bss           0x0000000000000000        0x0 c:/program files/microchip/xc8/v3.00/avr/bin/../lib/gcc/avr/5.4.0/../../../../avr/lib/avrxmega3\libc.a(_Exit.o)
 .stack.descriptors
                0x0000000000000000       0x13 c:/program files/microchip/xc8/v3.00/avr/bin/../lib/gcc/avr/5.4.0/../../../../avr/lib/avrxmega3\libc.a(_Exit.o)
 .text          0x0000000000000000        0x0 c:/program files/microchip/xc8/v3.00/avr/bin/../lib/gcc/avr/5.4.0/../../../../avr/lib/avrxmega3\libc.a(__int_vfprintf.o)
 .data          0x0000000000000000        0x0 c:/program files/microchip/xc8/v3.00/avr/bin/../lib/gcc/avr/5.4.0/../../../../avr/lib/avrxmega3\libc.a(__int_vfprintf.o)
 .bss           0x0000000000000000        0x0 c:/program files/microchip/xc8/v3.00/avr/bin/../lib/gcc/avr/5.4.0/../../../../avr/lib/avrxmega3\libc.a(__int_vfprintf.o)
 .stack.descriptors
                0x0000000000000000       0x18 c:/program files/microchip/xc8/v3.00/avr/bin/../lib/gcc/avr/5.4.0/../../../../avr/lib/avrxmega3\libc.a(__int_vfprintf.o)
 .text          0x0000000000000000        0x0 c:/program files/microchip/xc8/v3.00/avr/bin/../lib/gcc/avr/5.4.0/avrxmega3\libgcc.a(_udivmodsi4.o)
 .data          0x0000000000000000        0x0 c:/program files/microchip/xc8/v3.00/avr/bin/../lib/gcc/avr/5.4.0/avrxmega3\libgcc.a(_udivmodsi4.o)
 .bss           0x0000000000000000        0x0 c:/program files/microchip/xc8/v3.00/avr/bin/../lib/gcc/avr/5.4.0/avrxmega3\libgcc.a(_udivmodsi4.o)
 .text.libgcc.mul
                0x0000000000000000        0x0 c:/program files/microchip/xc8/v3.00/avr/bin/../lib/gcc/avr/5.4.0/avrxmega3\libgcc.a(_udivmodsi4.o)
 .stack.descriptors
                0x0000000000000000       0x1a c:/program files/microchip/xc8/v3.00/avr/bin/../lib/gcc/avr/5.4.0/avrxmega3\libgcc.a(_udivmodsi4.o)
 .text.libgcc   0x0000000000000000        0x0 c:/program files/microchip/xc8/v3.00/avr/bin/../lib/gcc/avr/5.4.0/avrxmega3\libgcc.a(_udivmodsi4.o)
 .text.libgcc.prologue
                0x0000000000000000        0x0 c:/program files/microchip/xc8/v3.00/avr/bin/../lib/gcc/avr/5.4.0/avrxmega3\libgcc.a(_udivmodsi4.o)
 .text.libgcc.builtins
                0x0000000000000000        0x0 c:/program files/microchip/xc8/v3.00/avr/bin/../lib/gcc/avr/5.4.0/avrxmega3\libgcc.a(_udivmodsi4.o)
 .text.libgcc.fmul
                0x0000000000000000        0x0 c:/program files/microchip/xc8/v3.00/avr/bin/../lib/gcc/avr/5.4.0/avrxmega3\libgcc.a(_udivmodsi4.o)
 .text.libgcc.fixed
                0x0000000000000000        0x0 c:/program files/microchip/xc8/v3.00/avr/bin/../lib/gcc/avr/5.4.0/avrxmega3\libgcc.a(_udivmodsi4.o)
 .text          0x0000000000000000        0x0 c:/program files/microchip/xc8/v3.00/avr/bin/../lib/gcc/avr/5.4.0/avrxmega3\libgcc.a(_exit.o)
 .data          0x0000000000000000        0x0 c:/program files/microchip/xc8/v3.00/avr/bin/../lib/gcc/avr/5.4.0/avrxmega3\libgcc.a(_exit.o)
 .bss           0x0000000000000000        0x0 c:/program files/microchip/xc8/v3.00/avr/bin/../lib/gcc/avr/5.4.0/avrxmega3\libgcc.a(_exit.o)
 .text.libgcc.mul
                0x0000000000000000        0x0 c:/program files/microchip/xc8/v3.00/avr/bin/../lib/gcc/avr/5.4.0/avrxmega3\libgcc.a(_exit.o)
 .text.libgcc.div
                0x0000000000000000        0x0 c:/program files/microchip/xc8/v3.00/avr/bin/../lib/gcc/avr/5.4.0/avrxmega3\libgcc.a(_exit.o)
 .text.libgcc   0x0000000000000000        0x0 c:/program files/microchip/xc8/v3.00/avr/bin/../lib/gcc/avr/5.4.0/avrxmega3\libgcc.a(_exit.o)
 .text.libgcc.prologue
                0x0000000000000000        0x0 c:/program files/microchip/xc8/v3.00/avr/bin/../lib/gcc/avr/5.4.0/avrxmega3\libgcc.a(_exit.o)
 .stack.descriptors
                0x0000000000000000       0x13 c:/program files/microchip/xc8/v3.00/avr/bin/../lib/gcc/avr/5.4.0/avrxmega3\libgcc.a(_exit.o)
 .text.libgcc.builtins
                0x0000000000000000        0x0 c:/program files/microchip/xc8/v3.00/avr/bin/../lib/gcc/avr/5.4.0/avrxmega3\libgcc.a(_exit.o)
 .text.libgcc.fmul
                0x0000000000000000        0x0 c:/program files/microchip/xc8/v3.00/avr/bin/../lib/gcc/avr/5.4.0/avrxmega3\libgcc.a(_exit.o)
 .text.libgcc.fixed
                0x0000000000000000        0x0 c:/program files/microchip/xc8/v3.00/avr/bin/../lib/gcc/avr/5.4.0/avrxmega3\libgcc.a(_exit.o)
 .text          0x0000000000000000        0x0 c:/program files/microchip/xc8/v3.00/avr/bin/../lib/gcc/avr/5.4.0/avrxmega3\libgcc.a(_prologue.o)
 .data          0x0000000000000000        0x0 c:/program files/microchip/xc8/v3.00/avr/bin/../lib/gcc/avr/5.4.0/avrxmega3\libgcc.a(_prologue.o)
 .bss           0x0000000000000000        0x0 c:/program files/microchip/xc8/v3.00/avr/bin/../lib/gcc/avr/5.4.0/avrxmega3\libgcc.a(_prologue.o)
 .text.libgcc.mul
                0x0000000000000000        0x0 c:/program files/microchip/xc8/v3.00/avr/bin/../lib/gcc/avr/5.4.0/avrxmega3\libgcc.a(_prologue.o)
 .text.libgcc.div
                0x0000000000000000        0x0 c:/program files/microchip/xc8/v3.00/avr/bin/../lib/gcc/avr/5.4.0/avrxmega3\libgcc.a(_prologue.o)
 .text.libgcc   0x0000000000000000        0x0 c:/program files/microchip/xc8/v3.00/avr/bin/../lib/gcc/avr/5.4.0/avrxmega3\libgcc.a(_prologue.o)
 .text.libgcc.builtins
                0x0000000000000000        0x0 c:/program files/microchip/xc8/v3.00/avr/bin/../lib/gcc/avr/5.4.0/avrxmega3\libgcc.a(_prologue.o)
 .text.libgcc.fmul
                0x0000000000000000        0x0 c:/program files/microchip/xc8/v3.00/avr/bin/../lib/gcc/avr/5.4.0/avrxmega3\libgcc.a(_prologue.o)
 .text.libgcc.fixed
                0x0000000000000000        0x0 c:/program files/microchip/xc8/v3.00/avr/bin/../lib/gcc/avr/5.4.0/avrxmega3\libgcc.a(_prologue.o)
 .text          0x0000000000000000        0x0 c:/program files/microchip/xc8/v3.00/avr/bin/../lib/gcc/avr/5.4.0/avrxmega3\libgcc.a(_epilogue.o)
 .data          0x0000000000000000        0x0 c:/program files/microchip/xc8/v3.00/avr/bin/../lib/gcc/avr/5.4.0/avrxmega3\libgcc.a(_epilogue.o)
 .bss           0x0000000000000000        0x0 c:/program files/microchip/xc8/v3.00/avr/bin/../lib/gcc/avr/5.4.0/avrxmega3\libgcc.a(_epilogue.o)
 .text.libgcc.mul
                0x0000000000000000        0x0 c:/program files/microchip/xc8/v3.00/avr/bin/../lib/gcc/avr/5.4.0/avrxmega3\libgcc.a(_epilogue.o)
 .text.libgcc.div
                0x0000000000000000        0x0 c:/program files/microchip/xc8/v3.00/avr/bin/../lib/gcc/avr/5.4.0/avrxmega3\libgcc.a(_epilogue.o)
 .text.libgcc   0x0000000000000000        0x0 c:/program files/microchip/xc8/v3.00/avr/bin/../lib/gcc/avr/5.4.0/avrxmega3\libgcc.a(_epilogue.o)
 .text.libgcc.builtins
                0x0000000000000000        0x0 c:/program files/microchip/xc8/v3.00/avr/bin/../lib/gcc/avr/5.4.0/avrxmega3\libgcc.a(_epilogue.o)
 .text.libgcc.fmul
                0x0000000000000000        0x0 c:/program files/microchip/xc8/v3.00/avr/bin/../lib/gcc/avr/5.4.0/avrxmega3\libgcc.a(_epilogue.o)
 .text.libgcc.fixed
                0x0000000000000000        0x0 c:/program files/microchip/xc8/v3.00/avr/bin/../lib/gcc/avr/5.4.0/avrxmega3\libgcc.a(_epilogue.o)

Memory Configuration

Name             Origin             Length             Attributes
text             0x0000000000000000 0x0000000000004000 xr
data             0x0000000000803800 0x0000000000000800 rw !x
eeprom           0x0000000000810000 0x0000000000000100 rw !x
fuse             0x0000000000820000 0x000000000000000a rw !x
lock             0x0000000000830000 0x0000000000000400 rw !x
signature        0x0000000000840000 0x0000000000000400 rw !x
user_signatures  0x0000000000850000 0x0000000000000400 rw !x
bootrow          0x0000000000860000 0x0000000000000400 rw !x
*default*        0x0000000000000000 0xffffffffffffffff

Linker script and memory map

Address of section .data set to 0x803800
                0x0000000000008000                __RODATA_PM_OFFSET__ = 0x8000
LOAD C:/Program Files/Microchip/MPLABX/v6.25/packs/Microchip/ATtiny_DFP/3.2.268/xc8/avr/lib/avrxmega3/crtattiny1616.o
                0x0000000000000001                __MPLAB_BUILD = 0x1
LOAD build/default/debug/mcc_generated_files/examples/UART_Example/uart_example.o
LOAD build/default/debug/mcc_generated_files/system/src/system.o
LOAD build/default/debug/mcc_generated_files/system/src/config_bits.o
LOAD build/default/debug/mcc_generated_files/system/src/interrupt.o
LOAD build/default/debug/mcc_generated_files/system/src/clock.o
LOAD build/default/debug/mcc_generated_files/system/src/pins.o
LOAD build/default/debug/mcc_generated_files/system/src/protected_io.o
LOAD build/default/debug/mcc_generated_files/uart/src/usart0.o
LOAD build/default/debug/main.o
START GROUP
LOAD c:/program files/microchip/xc8/v3.00/avr/bin/../lib/gcc/avr/5.4.0/../../../../avr/lib/avrxmega3\libm.a
END GROUP
                0x0000000000000001                __MPLAB_DEBUG = 0x1
                0x0000000000000001                __DEBUG = 0x1
START GROUP
LOAD c:/program files/microchip/xc8/v3.00/avr/bin/../lib/gcc/avr/5.4.0/avrxmega3\libgcc.a
LOAD c:/program files/microchip/xc8/v3.00/avr/bin/../lib/gcc/avr/5.4.0/../../../../avr/lib/avrxmega3\libm.a
LOAD c:/program files/microchip/xc8/v3.00/avr/bin/../lib/gcc/avr/5.4.0/../../../../avr/lib/avrxmega3\libc.a
LOAD C:/Program Files/Microchip/MPLABX/v6.25/packs/Microchip/ATtiny_DFP/3.2.268/xc8/avr/lib/avrxmega3\libattiny1616.a
END GROUP
                [0x0000000000000000]                __TEXT_REGION_ORIGIN__ = DEFINED (__TEXT_REGION_ORIGIN__)?__TEXT_REGION_ORIGIN__:0x0
                [0x0000000000803800]                __DATA_REGION_ORIGIN__ = DEFINED (__DATA_REGION_ORIGIN__)?__DATA_REGION_ORIGIN__:0x802000
                [0x0000000000004000]                __TEXT_REGION_LENGTH__ = DEFINED (__TEXT_REGION_LENGTH__)?__TEXT_REGION_LENGTH__:0x100000
                [0x0000000000000800]                __DATA_REGION_LENGTH__ = DEFINED (__DATA_REGION_LENGTH__)?__DATA_REGION_LENGTH__:0xffa0
                [0x0000000000000100]                __EEPROM_REGION_LENGTH__ = DEFINED (__EEPROM_REGION_LENGTH__)?__EEPROM_REGION_LENGTH__:0x10000
                [0x000000000000000a]                __FUSE_REGION_LENGTH__ = DEFINED (__FUSE_REGION_LENGTH__)?__FUSE_REGION_LENGTH__:0x400
                0x0000000000000400                __LOCK_REGION_LENGTH__ = DEFINED (__LOCK_REGION_LENGTH__)?__LOCK_REGION_LENGTH__:0x400
                0x0000000000000400                __SIGNATURE_REGION_LENGTH__ = DEFINED (__SIGNATURE_REGION_LENGTH__)?__SIGNATURE_REGION_LENGTH__:0x400
                0x0000000000000400                __USER_SIGNATURE_REGION_LENGTH__ = DEFINED (__USER_SIGNATURE_REGION_LENGTH__)?__USER_SIGNATURE_REGION_LENGTH__:0x400
                0x0000000000008000                __RODATA_PM_OFFSET__ = DEFINED (__RODATA_PM_OFFSET__)?__RODATA_PM_OFFSET__:0x8000
                0x0000000000000400                __BOOTROW_REGION_LENGTH__ = DEFINED (__BOOTROW_REGION_LENGTH__)?__BOOTROW_REGION_LENGTH__:0x400

.hash
 *(.hash)

.dynsym
 *(.dynsym)

.dynstr
 *(.dynstr)

.gnu.version
 *(.gnu.version)

.gnu.version_d
 *(.gnu.version_d)

.gnu.version_r
 *(.gnu.version_r)

.rel.init
 *(.rel.init)

.rela.init
 *(.rela.init)

.rel.text
 *(.rel.text)
 *(.rel.text.*)
 *(.rel.gnu.linkonce.t*)

.rela.text
 *(.rela.text)
 *(.rela.text.*)
 *(.rela.gnu.linkonce.t*)

.rel.fini
 *(.rel.fini)

.rela.fini
 *(.rela.fini)

.rel.rodata
 *(.rel.rodata)
 *(.rel.rodata.*)
 *(.rel.gnu.linkonce.r*)

.rela.rodata
 *(.rela.rodata)
 *(.rela.rodata.*)
 *(.rela.gnu.linkonce.r*)

.rel.data
 *(.rel.data)
 *(.rel.data.*)
 *(.rel.gnu.linkonce.d*)

.rela.data
 *(.rela.data)
 *(.rela.data.*)
 *(.rela.gnu.linkonce.d*)

.rel.ctors
 *(.rel.ctors)

.rela.ctors
 *(.rela.ctors)

.rel.dtors
 *(.rel.dtors)

.rela.dtors
 *(.rela.dtors)

.rel.got
 *(.rel.got)

.rela.got
 *(.rela.got)

.rel.bss
 *(.rel.bss)

.rela.bss
 *(.rela.bss)

.rel.plt
 *(.rel.plt)

.rela.plt
 *(.rela.plt)

.text           0x0000000000000000       0xee
 *(.vectors)
 .vectors       0x0000000000000000       0x7c C:/Program Files/Microchip/MPLABX/v6.25/packs/Microchip/ATtiny_DFP/3.2.268/xc8/avr/lib/avrxmega3/crtattiny1616.o
                0x0000000000000000                __vector_default
                0x0000000000000000                __vectors
 *(.vectors)
 *(.progmem.gcc*)
 *(.dinit)
 .dinit         0x000000000000007c       0x1d data_init
                0x000000000000009a                . = ALIGN (0x2)
 *fill*         0x0000000000000099        0x1 
                0x000000000000009a                __trampolines_start = .
 *(.trampolines)
 .trampolines   0x000000000000009a        0x0 linker stubs
 *(.trampolines*)
                0x000000000000009a                __trampolines_end = .
 *libprintf_flt.a:*(.progmem.data)
 *libc.a:*(.progmem.data)
                0x000000000000009a                . = ALIGN (0x2)
 *(.jumptables)
 *(.jumptables*)
 *(.lowtext)
 *(.lowtext*)
                0x000000000000009a                __ctors_start = .
 *(.ctors)
                0x000000000000009a                __ctors_end = .
                0x000000000000009a                __dtors_start = .
 *(.dtors)
                0x000000000000009a                __dtors_end = .
 SORT(*)(.ctors)
 SORT(*)(.dtors)
 *(.init0)
 .init0         0x000000000000009a        0x0 C:/Program Files/Microchip/MPLABX/v6.25/packs/Microchip/ATtiny_DFP/3.2.268/xc8/avr/lib/avrxmega3/crtattiny1616.o
                0x000000000000009a                __init
 *(.init0)
 *(.init1)
 *(.init1)
 *(.init2)
 .init2         0x000000000000009a        0xc C:/Program Files/Microchip/MPLABX/v6.25/packs/Microchip/ATtiny_DFP/3.2.268/xc8/avr/lib/avrxmega3/crtattiny1616.o
 *(.init2)
 *(.init3)
 *(.init3)
 *(.init4)
 .init4         0x00000000000000a6       0x3c c:/program files/microchip/xc8/v3.00/avr/bin/../lib/gcc/avr/5.4.0/avrxmega3\libgcc.a(_copy_data.o)
                0x00000000000000a6                __do_copy_data
                0x00000000000000d4                __do_clear_bss
 *(.init4)
 *(.init5)
 *(.init5)
 *(.init6)
 *(.init6)
 *(.init7)
 *(.init7)
 *(.init8)
 *(.init8)
 *(.init9)
 .init9         0x00000000000000e2        0x8 C:/Program Files/Microchip/MPLABX/v6.25/packs/Microchip/ATtiny_DFP/3.2.268/xc8/avr/lib/avrxmega3/crtattiny1616.o
 *(.init9)
                0x00000000000000ea                . = ALIGN (0x2)
 *(.fini9)
 .fini9         0x00000000000000ea        0x0 c:/program files/microchip/xc8/v3.00/avr/bin/../lib/gcc/avr/5.4.0/avrxmega3\libgcc.a(_exit.o)
                0x00000000000000ea                _exit
 *(.fini9)
 *(.fini8)
 *(.fini8)
 *(.fini7)
 *(.fini7)
 *(.fini6)
 *(.fini6)
 *(.fini5)
 *(.fini5)
 *(.fini4)
 *(.fini4)
 *(.fini3)
 *(.fini3)
 *(.fini2)
 *(.fini2)
 *(.fini1)
 *(.fini1)
 *(.fini0)
 .fini0         0x00000000000000ea        0x4 c:/program files/microchip/xc8/v3.00/avr/bin/../lib/gcc/avr/5.4.0/avrxmega3\libgcc.a(_exit.o)
 *(.fini0)
                0x00000000000000ee                _etext = .

.data           0x0000000000803800        0x0 load address 0x00000000000000ee
                [!provide]                        PROVIDE (__data_start, .)
 *(.gnu.linkonce.d*)
                0x0000000000803800                . = ALIGN (0x2)
                0x0000000000803800                _edata = .
                [!provide]                        PROVIDE (__data_end, .)

.bss            0x0000000000803800        0x2
                [!provide]                        PROVIDE (__bss_start, .)
 *(COMMON)
 COMMON         0x0000000000803800        0x2 c:/program files/microchip/xc8/v3.00/avr/bin/../lib/gcc/avr/5.4.0/../../../../avr/lib/avrxmega3\libc.a(errno.o)
                0x0000000000803800                __errno_val
                [!provide]                        PROVIDE (__bss_end, .)
                0x00000000000000ee                __data_load_start = LOADADDR (.data)
                0x00000000000000ee                __data_load_end = (__data_load_start + SIZEOF (.data))

.noinit         0x0000000000803802        0x0
                [!provide]                        PROVIDE (__noinit_start, .)
 *(.noinit*)
                [!provide]                        PROVIDE (__noinit_end, .)
                0x0000000000803802                _end = .

.eeprom         0x0000000000810000        0x0
 *(.eeprom*)
                0x0000000000810000                __eeprom_end = .

.fuse           0x0000000000820000        0x9
 *(.fuse)
 .fuse          0x0000000000820000        0x9 build/default/debug/mcc_generated_files/system/src/config_bits.o
                0x0000000000820000                __fuse
 *(.lfuse)
 *(.hfuse)
 *(.efuse)

.lock
 *(.lock*)

.signature
 *(.signature*)

.user_signatures
 *(.user_signatures*)

.bootrow
 *(.bootrow*)

.stab
 *(.stab)

.stabstr
 *(.stabstr)

.stab.excl
 *(.stab.excl)

.stab.exclstr
 *(.stab.exclstr)

.stab.index
 *(.stab.index)

.stab.indexstr
 *(.stab.indexstr)

.comment        0x0000000000000000       0x5b
 *(.comment)
 .comment       0x0000000000000000       0x2f build/default/debug/mcc_generated_files/system/src/system.o
                                         0x30 (size before relaxing)
 .comment       0x000000000000002f       0x30 build/default/debug/mcc_generated_files/system/src/config_bits.o
 .comment       0x000000000000002f       0x30 build/default/debug/mcc_generated_files/system/src/interrupt.o
 .comment       0x000000000000002f       0x30 build/default/debug/mcc_generated_files/system/src/clock.o
 .comment       0x000000000000002f       0x30 build/default/debug/mcc_generated_files/system/src/pins.o
 .comment       0x000000000000002f       0x30 build/default/debug/mcc_generated_files/uart/src/usart0.o
 .comment       0x000000000000002f       0x30 build/default/debug/main.o
 .comment       0x000000000000002f       0x2c c:/program files/microchip/xc8/v3.00/avr/bin/../lib/gcc/avr/5.4.0/../../../../avr/lib/avrxmega3\libc.a(exit.o)
                                         0x2d (size before relaxing)
 .comment       0x000000000000005b       0x2d c:/program files/microchip/xc8/v3.00/avr/bin/../lib/gcc/avr/5.4.0/../../../../avr/lib/avrxmega3\libc.a(__sio_printf_dosux.o)
 .comment       0x000000000000005b       0x2d c:/program files/microchip/xc8/v3.00/avr/bin/../lib/gcc/avr/5.4.0/../../../../avr/lib/avrxmega3\libc.a(__fmt_d.o)
 .comment       0x000000000000005b       0x2d c:/program files/microchip/xc8/v3.00/avr/bin/../lib/gcc/avr/5.4.0/../../../../avr/lib/avrxmega3\libc.a(__fmt_o.o)
 .comment       0x000000000000005b       0x2d c:/program files/microchip/xc8/v3.00/avr/bin/../lib/gcc/avr/5.4.0/../../../../avr/lib/avrxmega3\libc.a(__fmt_s.o)
 .comment       0x000000000000005b       0x2d c:/program files/microchip/xc8/v3.00/avr/bin/../lib/gcc/avr/5.4.0/../../../../avr/lib/avrxmega3\libc.a(__fmt_u.o)
 .comment       0x000000000000005b       0x2d c:/program files/microchip/xc8/v3.00/avr/bin/../lib/gcc/avr/5.4.0/../../../../avr/lib/avrxmega3\libc.a(__fmt_x.o)
 .comment       0x000000000000005b       0x2d c:/program files/microchip/xc8/v3.00/avr/bin/../lib/gcc/avr/5.4.0/../../../../avr/lib/avrxmega3\libc.a(__pop_int.o)
 .comment       0x000000000000005b       0x2d c:/program files/microchip/xc8/v3.00/avr/bin/../lib/gcc/avr/5.4.0/../../../../avr/lib/avrxmega3\libc.a(__printf_core.o)
 .comment       0x000000000000005b       0x2d c:/program files/microchip/xc8/v3.00/avr/bin/../lib/gcc/avr/5.4.0/../../../../avr/lib/avrxmega3\libc.a(fputc.o)
 .comment       0x000000000000005b       0x2d c:/program files/microchip/xc8/v3.00/avr/bin/../lib/gcc/avr/5.4.0/../../../../avr/lib/avrxmega3\libc.a(stdout.o)
 .comment       0x000000000000005b       0x2d c:/program files/microchip/xc8/v3.00/avr/bin/../lib/gcc/avr/5.4.0/../../../../avr/lib/avrxmega3\libc.a(strlen.o)
 .comment       0x000000000000005b       0x2d c:/program files/microchip/xc8/v3.00/avr/bin/../lib/gcc/avr/5.4.0/../../../../avr/lib/avrxmega3\libc.a(tolower.o)
 .comment       0x000000000000005b       0x2d c:/program files/microchip/xc8/v3.00/avr/bin/../lib/gcc/avr/5.4.0/../../../../avr/lib/avrxmega3\libc.a(toupper.o)
 .comment       0x000000000000005b       0x2d c:/program files/microchip/xc8/v3.00/avr/bin/../lib/gcc/avr/5.4.0/../../../../avr/lib/avrxmega3\libc.a(errno.o)
 .comment       0x000000000000005b       0x2d c:/program files/microchip/xc8/v3.00/avr/bin/../lib/gcc/avr/5.4.0/../../../../avr/lib/avrxmega3\libc.a(_Exit.o)
 .comment       0x000000000000005b       0x2d c:/program files/microchip/xc8/v3.00/avr/bin/../lib/gcc/avr/5.4.0/../../../../avr/lib/avrxmega3\libc.a(__int_vfprintf.o)

.stack.descriptors.hdr
                0x0000000000000000      0x10a
 .stack.descriptors.hdr
                0x0000000000000000        0xe c:/program files/microchip/xc8/v3.00/avr/bin/../lib/gcc/avr/5.4.0/../../../../avr/lib/avrxmega3\libc.a(exit.o)
 .stack.descriptors.hdr
                0x000000000000000e        0xe c:/program files/microchip/xc8/v3.00/avr/bin/../lib/gcc/avr/5.4.0/../../../../avr/lib/avrxmega3\libc.a(__sio_printf_dosux.o)
 .stack.descriptors.hdr
                0x000000000000001c        0xe c:/program files/microchip/xc8/v3.00/avr/bin/../lib/gcc/avr/5.4.0/../../../../avr/lib/avrxmega3\libc.a(__fmt_d.o)
 .stack.descriptors.hdr
                0x000000000000002a        0xe c:/program files/microchip/xc8/v3.00/avr/bin/../lib/gcc/avr/5.4.0/../../../../avr/lib/avrxmega3\libc.a(__fmt_o.o)
 .stack.descriptors.hdr
                0x0000000000000038        0xe c:/program files/microchip/xc8/v3.00/avr/bin/../lib/gcc/avr/5.4.0/../../../../avr/lib/avrxmega3\libc.a(__fmt_s.o)
 .stack.descriptors.hdr
                0x0000000000000046        0xe c:/program files/microchip/xc8/v3.00/avr/bin/../lib/gcc/avr/5.4.0/../../../../avr/lib/avrxmega3\libc.a(__fmt_u.o)
 .stack.descriptors.hdr
                0x0000000000000054        0xe c:/program files/microchip/xc8/v3.00/avr/bin/../lib/gcc/avr/5.4.0/../../../../avr/lib/avrxmega3\libc.a(__fmt_x.o)
 .stack.descriptors.hdr
                0x0000000000000062        0xe c:/program files/microchip/xc8/v3.00/avr/bin/../lib/gcc/avr/5.4.0/../../../../avr/lib/avrxmega3\libc.a(__pop_int.o)
 .stack.descriptors.hdr
                0x0000000000000070        0xe c:/program files/microchip/xc8/v3.00/avr/bin/../lib/gcc/avr/5.4.0/../../../../avr/lib/avrxmega3\libc.a(__printf_core.o)
 .stack.descriptors.hdr
                0x000000000000007e        0xe c:/program files/microchip/xc8/v3.00/avr/bin/../lib/gcc/avr/5.4.0/../../../../avr/lib/avrxmega3\libc.a(fputc.o)
 .stack.descriptors.hdr
                0x000000000000008c        0xe c:/program files/microchip/xc8/v3.00/avr/bin/../lib/gcc/avr/5.4.0/../../../../avr/lib/avrxmega3\libc.a(stdout.o)
 .stack.descriptors.hdr
                0x000000000000009a        0xe c:/program files/microchip/xc8/v3.00/avr/bin/../lib/gcc/avr/5.4.0/../../../../avr/lib/avrxmega3\libc.a(strlen.o)
 .stack.descriptors.hdr
                0x00000000000000a8        0xe c:/program files/microchip/xc8/v3.00/avr/bin/../lib/gcc/avr/5.4.0/../../../../avr/lib/avrxmega3\libc.a(tolower.o)
 .stack.descriptors.hdr
                0x00000000000000b6        0xe c:/program files/microchip/xc8/v3.00/avr/bin/../lib/gcc/avr/5.4.0/../../../../avr/lib/avrxmega3\libc.a(toupper.o)
 .stack.descriptors.hdr
                0x00000000000000c4        0xe c:/program files/microchip/xc8/v3.00/avr/bin/../lib/gcc/avr/5.4.0/../../../../avr/lib/avrxmega3\libc.a(errno.o)
 .stack.descriptors.hdr
                0x00000000000000d2        0xe c:/program files/microchip/xc8/v3.00/avr/bin/../lib/gcc/avr/5.4.0/../../../../avr/lib/avrxmega3\libc.a(_Exit.o)
 .stack.descriptors.hdr
                0x00000000000000e0        0xe c:/program files/microchip/xc8/v3.00/avr/bin/../lib/gcc/avr/5.4.0/../../../../avr/lib/avrxmega3\libc.a(__int_vfprintf.o)
 .stack.descriptors.hdr
                0x00000000000000ee        0xe c:/program files/microchip/xc8/v3.00/avr/bin/../lib/gcc/avr/5.4.0/avrxmega3\libgcc.a(_udivmodsi4.o)
 .stack.descriptors.hdr
                0x00000000000000fc        0xe c:/program files/microchip/xc8/v3.00/avr/bin/../lib/gcc/avr/5.4.0/avrxmega3\libgcc.a(_exit.o)

.note.GNU-stack
                0x0000000000000000        0x0
 .note.GNU-stack
                0x0000000000000000        0x0 c:/program files/microchip/xc8/v3.00/avr/bin/../lib/gcc/avr/5.4.0/../../../../avr/lib/avrxmega3\libc.a(exit.o)
 .note.GNU-stack
                0x0000000000000000        0x0 c:/program files/microchip/xc8/v3.00/avr/bin/../lib/gcc/avr/5.4.0/../../../../avr/lib/avrxmega3\libc.a(__sio_printf_dosux.o)
 .note.GNU-stack
                0x0000000000000000        0x0 c:/program files/microchip/xc8/v3.00/avr/bin/../lib/gcc/avr/5.4.0/../../../../avr/lib/avrxmega3\libc.a(__fmt_d.o)
 .note.GNU-stack
                0x0000000000000000        0x0 c:/program files/microchip/xc8/v3.00/avr/bin/../lib/gcc/avr/5.4.0/../../../../avr/lib/avrxmega3\libc.a(__fmt_o.o)
 .note.GNU-stack
                0x0000000000000000        0x0 c:/program files/microchip/xc8/v3.00/avr/bin/../lib/gcc/avr/5.4.0/../../../../avr/lib/avrxmega3\libc.a(__fmt_s.o)
 .note.GNU-stack
                0x0000000000000000        0x0 c:/program files/microchip/xc8/v3.00/avr/bin/../lib/gcc/avr/5.4.0/../../../../avr/lib/avrxmega3\libc.a(__fmt_u.o)
 .note.GNU-stack
                0x0000000000000000        0x0 c:/program files/microchip/xc8/v3.00/avr/bin/../lib/gcc/avr/5.4.0/../../../../avr/lib/avrxmega3\libc.a(__fmt_x.o)
 .note.GNU-stack
                0x0000000000000000        0x0 c:/program files/microchip/xc8/v3.00/avr/bin/../lib/gcc/avr/5.4.0/../../../../avr/lib/avrxmega3\libc.a(__pop_int.o)
 .note.GNU-stack
                0x0000000000000000        0x0 c:/program files/microchip/xc8/v3.00/avr/bin/../lib/gcc/avr/5.4.0/../../../../avr/lib/avrxmega3\libc.a(__printf_core.o)
 .note.GNU-stack
                0x0000000000000000        0x0 c:/program files/microchip/xc8/v3.00/avr/bin/../lib/gcc/avr/5.4.0/../../../../avr/lib/avrxmega3\libc.a(fputc.o)
 .note.GNU-stack
                0x0000000000000000        0x0 c:/program files/microchip/xc8/v3.00/avr/bin/../lib/gcc/avr/5.4.0/../../../../avr/lib/avrxmega3\libc.a(stdout.o)
 .note.GNU-stack
                0x0000000000000000        0x0 c:/program files/microchip/xc8/v3.00/avr/bin/../lib/gcc/avr/5.4.0/../../../../avr/lib/avrxmega3\libc.a(strlen.o)
 .note.GNU-stack
                0x0000000000000000        0x0 c:/program files/microchip/xc8/v3.00/avr/bin/../lib/gcc/avr/5.4.0/../../../../avr/lib/avrxmega3\libc.a(tolower.o)
 .note.GNU-stack
                0x0000000000000000        0x0 c:/program files/microchip/xc8/v3.00/avr/bin/../lib/gcc/avr/5.4.0/../../../../avr/lib/avrxmega3\libc.a(toupper.o)
 .note.GNU-stack
                0x0000000000000000        0x0 c:/program files/microchip/xc8/v3.00/avr/bin/../lib/gcc/avr/5.4.0/../../../../avr/lib/avrxmega3\libc.a(errno.o)
 .note.GNU-stack
                0x0000000000000000        0x0 c:/program files/microchip/xc8/v3.00/avr/bin/../lib/gcc/avr/5.4.0/../../../../avr/lib/avrxmega3\libc.a(_Exit.o)
 .note.GNU-stack
                0x0000000000000000        0x0 c:/program files/microchip/xc8/v3.00/avr/bin/../lib/gcc/avr/5.4.0/../../../../avr/lib/avrxmega3\libc.a(__int_vfprintf.o)

.note.gnu.build-id
 *(.note.gnu.build-id)

.debug
 *(.debug)

.line
 *(.line)

.debug_srcinfo
 *(.debug_srcinfo)

.debug_sfnames
 *(.debug_sfnames)

.debug_aranges  0x0000000000000000      0x218
 *(.debug_aranges)
 .debug_aranges
                0x0000000000000000       0x20 build/default/debug/mcc_generated_files/system/src/system.o
 .debug_aranges
                0x0000000000000020       0x18 build/default/debug/mcc_generated_files/system/src/config_bits.o
 .debug_aranges
                0x0000000000000038       0x20 build/default/debug/mcc_generated_files/system/src/interrupt.o
 .debug_aranges
                0x0000000000000058       0x20 build/default/debug/mcc_generated_files/system/src/clock.o
 .debug_aranges
                0x0000000000000078       0x78 build/default/debug/mcc_generated_files/system/src/pins.o
 .debug_aranges
                0x00000000000000f0       0x20 build/default/debug/mcc_generated_files/system/src/protected_io.o
 .debug_aranges
                0x0000000000000110       0xe0 build/default/debug/mcc_generated_files/uart/src/usart0.o
 .debug_aranges
                0x00000000000001f0       0x28 build/default/debug/main.o

.debug_pubnames
 *(.debug_pubnames)

.debug_info     0x0000000000000000     0x530b
 *(.debug_info .gnu.linkonce.wi.*)
 .debug_info    0x0000000000000000     0x1cf8 C:/Program Files/Microchip/MPLABX/v6.25/packs/Microchip/ATtiny_DFP/3.2.268/xc8/avr/lib/avrxmega3/crtattiny1616.o
 .debug_info    0x0000000000001cf8      0x324 build/default/debug/mcc_generated_files/system/src/system.o
 .debug_info    0x000000000000201c      0x83e build/default/debug/mcc_generated_files/system/src/config_bits.o
 .debug_info    0x000000000000285a      0x40b build/default/debug/mcc_generated_files/system/src/interrupt.o
 .debug_info    0x0000000000002c65      0x7e4 build/default/debug/mcc_generated_files/system/src/clock.o
 .debug_info    0x0000000000003449      0x8a7 build/default/debug/mcc_generated_files/system/src/pins.o
 .debug_info    0x0000000000003cf0       0xa7 build/default/debug/mcc_generated_files/system/src/protected_io.o
 .debug_info    0x0000000000003d97      0xf6a build/default/debug/mcc_generated_files/uart/src/usart0.o
 .debug_info    0x0000000000004d01      0x60a build/default/debug/main.o

.debug_abbrev   0x0000000000000000     0x242d
 *(.debug_abbrev)
 .debug_abbrev  0x0000000000000000     0x1b6a C:/Program Files/Microchip/MPLABX/v6.25/packs/Microchip/ATtiny_DFP/3.2.268/xc8/avr/lib/avrxmega3/crtattiny1616.o
 .debug_abbrev  0x0000000000001b6a       0x58 build/default/debug/mcc_generated_files/system/src/system.o
 .debug_abbrev  0x0000000000001bc2       0x97 build/default/debug/mcc_generated_files/system/src/config_bits.o
 .debug_abbrev  0x0000000000001c59       0xfa build/default/debug/mcc_generated_files/system/src/interrupt.o
 .debug_abbrev  0x0000000000001d53      0x11d build/default/debug/mcc_generated_files/system/src/clock.o
 .debug_abbrev  0x0000000000001e70      0x14a build/default/debug/mcc_generated_files/system/src/pins.o
 .debug_abbrev  0x0000000000001fba       0x14 build/default/debug/mcc_generated_files/system/src/protected_io.o
 .debug_abbrev  0x0000000000001fce      0x2d7 build/default/debug/mcc_generated_files/uart/src/usart0.o
 .debug_abbrev  0x00000000000022a5      0x188 build/default/debug/main.o

.debug_line     0x0000000000000000     0x1129
 *(.debug_line .debug_line.* .debug_line_end)
 .debug_line    0x0000000000000000      0x151 C:/Program Files/Microchip/MPLABX/v6.25/packs/Microchip/ATtiny_DFP/3.2.268/xc8/avr/lib/avrxmega3/crtattiny1616.o
 .debug_line    0x0000000000000151       0xf3 build/default/debug/mcc_generated_files/system/src/system.o
 .debug_line    0x0000000000000244       0xff build/default/debug/mcc_generated_files/system/src/config_bits.o
 .debug_line    0x0000000000000343      0x192 build/default/debug/mcc_generated_files/system/src/interrupt.o
 .debug_line    0x00000000000004d5      0x17a build/default/debug/mcc_generated_files/system/src/clock.o
 .debug_line    0x000000000000064f      0x31f build/default/debug/mcc_generated_files/system/src/pins.o
 .debug_line    0x000000000000096e       0x6d build/default/debug/mcc_generated_files/system/src/protected_io.o
 .debug_line    0x00000000000009db      0x501 build/default/debug/mcc_generated_files/uart/src/usart0.o
 .debug_line    0x0000000000000edc      0x24d build/default/debug/main.o

.debug_frame    0x0000000000000000      0x44c
 *(.debug_frame)
 .debug_frame   0x0000000000000000       0x24 build/default/debug/mcc_generated_files/system/src/system.o
 .debug_frame   0x0000000000000024       0x24 build/default/debug/mcc_generated_files/system/src/interrupt.o
 .debug_frame   0x0000000000000048       0x24 build/default/debug/mcc_generated_files/system/src/clock.o
 .debug_frame   0x000000000000006c      0x1b8 build/default/debug/mcc_generated_files/system/src/pins.o
 .debug_frame   0x0000000000000224      0x1ac build/default/debug/mcc_generated_files/uart/src/usart0.o
 .debug_frame   0x00000000000003d0       0x7c build/default/debug/main.o

.debug_str      0x0000000000000000      0xc9a
 *(.debug_str)
 .debug_str     0x0000000000000000      0xbe1 C:/Program Files/Microchip/MPLABX/v6.25/packs/Microchip/ATtiny_DFP/3.2.268/xc8/avr/lib/avrxmega3/crtattiny1616.o
 .debug_str     0x0000000000000be1       0x4c build/default/debug/mcc_generated_files/system/src/system.o
 .debug_str     0x0000000000000c2d        0x0 build/default/debug/mcc_generated_files/system/src/config_bits.o
 .debug_str     0x0000000000000c2d       0x13 build/default/debug/mcc_generated_files/system/src/interrupt.o
 .debug_str     0x0000000000000c40       0x13 build/default/debug/mcc_generated_files/system/src/clock.o
 .debug_str     0x0000000000000c53       0x25 build/default/debug/mcc_generated_files/system/src/pins.o
 .debug_str     0x0000000000000c78       0x10 build/default/debug/mcc_generated_files/uart/src/usart0.o
 .debug_str     0x0000000000000c88       0x12 build/default/debug/main.o

.debug_loc      0x0000000000000000      0x29e
 *(.debug_loc)
 .debug_loc     0x0000000000000000       0x2a build/default/debug/mcc_generated_files/system/src/interrupt.o
 .debug_loc     0x000000000000002a       0xf6 build/default/debug/mcc_generated_files/system/src/clock.o
 .debug_loc     0x0000000000000120       0x9e build/default/debug/mcc_generated_files/uart/src/usart0.o
 .debug_loc     0x00000000000001be       0xe0 build/default/debug/main.o

.debug_macinfo
 *(.debug_macinfo)

.debug_weaknames
 *(.debug_weaknames)

.debug_funcnames
 *(.debug_funcnames)

.debug_typenames
 *(.debug_typenames)

.debug_varnames
 *(.debug_varnames)

.debug_pubtypes
 *(.debug_pubtypes)

.debug_ranges   0x0000000000000000      0x180
 *(.debug_ranges)
 .debug_ranges  0x0000000000000000       0x10 build/default/debug/mcc_generated_files/system/src/system.o
 .debug_ranges  0x0000000000000010       0x10 build/default/debug/mcc_generated_files/system/src/interrupt.o
 .debug_ranges  0x0000000000000020       0x10 build/default/debug/mcc_generated_files/system/src/clock.o
 .debug_ranges  0x0000000000000030       0x68 build/default/debug/mcc_generated_files/system/src/pins.o
 .debug_ranges  0x0000000000000098       0xd0 build/default/debug/mcc_generated_files/uart/src/usart0.o
 .debug_ranges  0x0000000000000168       0x18 build/default/debug/main.o

.debug_macro
 *(.debug_macro)
OUTPUT(dist/default/debug/AtTiny1616_blink_led.X.debug.elf elf32-avr)
LOAD linker stubs
LOAD data_init

.note.gnu.avr.deviceinfo
                0x0000000000000000       0x40
 .note.gnu.avr.deviceinfo
                0x0000000000000000       0x40 C:/Program Files/Microchip/MPLABX/v6.25/packs/Microchip/ATtiny_DFP/3.2.268/xc8/avr/lib/avrxmega3/crtattiny1616.o

.bss.Red_LED_InterruptHandler
                0x0000000000803812        0x2
 .bss.Red_LED_InterruptHandler
                0x0000000000803812        0x2 build/default/debug/mcc_generated_files/system/src/pins.o

.bss.Blu_LED_InterruptHandler
                0x0000000000803814        0x2
 .bss.Blu_LED_InterruptHandler
                0x0000000000803814        0x2 build/default/debug/mcc_generated_files/system/src/pins.o

.bss.IO_PB2_InterruptHandler
                0x0000000000803816        0x2
 .bss.IO_PB2_InterruptHandler
                0x0000000000803816        0x2 build/default/debug/mcc_generated_files/system/src/pins.o

.bss.IO_PB3_InterruptHandler
                0x0000000000803818        0x2
 .bss.IO_PB3_InterruptHandler
                0x0000000000803818        0x2 build/default/debug/mcc_generated_files/system/src/pins.o

.bss.USART0_ParityErrorHandler
                0x000000000080381a        0x2
 .bss.USART0_ParityErrorHandler
                0x000000000080381a        0x2 build/default/debug/mcc_generated_files/uart/src/usart0.o
                0x000000000080381a                USART0_ParityErrorHandler

.bss.USART0_OverrunErrorHandler
                0x000000000080381c        0x2
 .bss.USART0_OverrunErrorHandler
                0x000000000080381c        0x2 build/default/debug/mcc_generated_files/uart/src/usart0.o
                0x000000000080381c                USART0_OverrunErrorHandler

.bss.USART0_FramingErrorHandler
                0x000000000080381e        0x2
 .bss.USART0_FramingErrorHandler
                0x000000000080381e        0x2 build/default/debug/mcc_generated_files/uart/src/usart0.o
                0x000000000080381e                USART0_FramingErrorHandler

.bss.usart0RxLastError
                0x0000000000803820        0x2
 .bss.usart0RxLastError
                0x0000000000803820        0x2 build/default/debug/mcc_generated_files/uart/src/usart0.o

.bss.counter    0x0000000000803822        0x2
 .bss.counter   0x0000000000803822        0x2 build/default/debug/main.o
                0x0000000000803822                counter

.bss.__stdout   0x0000000000803826        0x2
 .bss.__stdout  0x0000000000803826        0x2 c:/program files/microchip/xc8/v3.00/avr/bin/../lib/gcc/avr/5.4.0/../../../../avr/lib/avrxmega3\libc.a(stdout.o)

.text.vfpfcnvrt
                0x00000000000000ee      0x3fc
 .text.vfpfcnvrt
                0x00000000000000ee      0x3fc c:/program files/microchip/xc8/v3.00/avr/bin/../lib/gcc/avr/5.4.0/../../../../avr/lib/avrxmega3\libc.a(__printf_core.o)
                0x00000000000000ee                vfpfcnvrt

.text.__fmt_x   0x00000000000004ea      0x1dc
 .text.__fmt_x  0x00000000000004ea      0x1dc c:/program files/microchip/xc8/v3.00/avr/bin/../lib/gcc/avr/5.4.0/../../../../avr/lib/avrxmega3\libc.a(__fmt_x.o)
                0x00000000000004ea                __fmt_x_needed
                0x00000000000004ea                __fmt_x

.text.__fmt_d   0x00000000000006c6       0xe4
 .text.__fmt_d  0x00000000000006c6       0xe4 c:/program files/microchip/xc8/v3.00/avr/bin/../lib/gcc/avr/5.4.0/../../../../avr/lib/avrxmega3\libc.a(__fmt_d.o)
                0x00000000000006c6                __fmt_d
                0x00000000000006c6                __fmt_d_needed

.text.__pop_int
                0x00000000000007aa       0xd0
 .text.__pop_int
                0x00000000000007aa       0xd0 c:/program files/microchip/xc8/v3.00/avr/bin/../lib/gcc/avr/5.4.0/../../../../avr/lib/avrxmega3\libc.a(__pop_int.o)
                0x00000000000007aa                __pop_int_needed
                0x00000000000007aa                __pop_int

.text.__cvt_u   0x000000000000087a       0xca
 .text.__cvt_u  0x000000000000087a       0xca c:/program files/microchip/xc8/v3.00/avr/bin/../lib/gcc/avr/5.4.0/../../../../avr/lib/avrxmega3\libc.a(__fmt_u.o)
                0x000000000000087a                __cvt_u

.text.PIN_MANAGER_Initialize
                0x0000000000000944       0xb6
 .text.PIN_MANAGER_Initialize
                0x0000000000000944       0xb6 build/default/debug/mcc_generated_files/system/src/pins.o
                0x0000000000000944                PIN_MANAGER_Initialize

.text.__fmt_o   0x00000000000009fa       0xb2
 .text.__fmt_o  0x00000000000009fa       0xb2 c:/program files/microchip/xc8/v3.00/avr/bin/../lib/gcc/avr/5.4.0/../../../../avr/lib/avrxmega3\libc.a(__fmt_o.o)
                0x00000000000009fa                __fmt_o
                0x00000000000009fa                __fmt_o_needed

.text.fputc     0x0000000000000aac       0x98
 .text.fputc    0x0000000000000aac       0x98 c:/program files/microchip/xc8/v3.00/avr/bin/../lib/gcc/avr/5.4.0/../../../../avr/lib/avrxmega3\libc.a(fputc.o)
                0x0000000000000aac                fputc
                0x0000000000000aac                putc

.text.__fmt_u   0x0000000000000b44       0x8e
 .text.__fmt_u  0x0000000000000b44       0x8e c:/program files/microchip/xc8/v3.00/avr/bin/../lib/gcc/avr/5.4.0/../../../../avr/lib/avrxmega3\libc.a(__fmt_u.o)
                0x0000000000000b44                __fmt_u_needed
                0x0000000000000b44                __fmt_u

.text.UART_print_loop
                0x0000000000000bd2       0x7e
 .text.UART_print_loop
                0x0000000000000bd2       0x7e build/default/debug/main.o
                0x0000000000000bd2                UART_print_loop

.text.__printf_core
                0x0000000000000c50       0x78
 .text.__printf_core
                0x0000000000000c50       0x78 c:/program files/microchip/xc8/v3.00/avr/bin/../lib/gcc/avr/5.4.0/../../../../avr/lib/avrxmega3\libc.a(__printf_core.o)
                0x0000000000000c50                __printf_core

.text.__pad     0x0000000000000cc8       0x72
 .text.__pad    0x0000000000000cc8       0x72 c:/program files/microchip/xc8/v3.00/avr/bin/../lib/gcc/avr/5.4.0/../../../../avr/lib/avrxmega3\libc.a(__printf_core.o)
                0x0000000000000cc8                __pad

.text.__vector_4
                0x0000000000000d3a       0x64
 .text.__vector_4
                0x0000000000000d3a       0x64 build/default/debug/mcc_generated_files/system/src/pins.o
                0x0000000000000d3a                __vector_4

.text.USART0_Initialize
                0x0000000000000d9e       0x5c
 .text.USART0_Initialize
                0x0000000000000d9e       0x5c build/default/debug/mcc_generated_files/uart/src/usart0.o
                0x0000000000000d9e                USART0_Initialize

.text.read_prec_or_width
                0x0000000000000dfa       0x5c
 .text.read_prec_or_width
                0x0000000000000dfa       0x5c c:/program files/microchip/xc8/v3.00/avr/bin/../lib/gcc/avr/5.4.0/../../../../avr/lib/avrxmega3\libc.a(__printf_core.o)

.text.main      0x0000000000000e56       0x58
 .text.main     0x0000000000000e56       0x58 build/default/debug/main.o
                0x0000000000000e56                main

.text.__vector_3
                0x0000000000000eae       0x56
 .text.__vector_3
                0x0000000000000eae       0x56 build/default/debug/mcc_generated_files/system/src/pins.o
                0x0000000000000eae                __vector_3

.text.__vector_5
                0x0000000000000f04       0x56
 .text.__vector_5
                0x0000000000000f04       0x56 build/default/debug/mcc_generated_files/system/src/pins.o
                0x0000000000000f04                __vector_5

.text.__fmt_s   0x0000000000000f5a       0x54
 .text.__fmt_s  0x0000000000000f5a       0x54 c:/program files/microchip/xc8/v3.00/avr/bin/../lib/gcc/avr/5.4.0/../../../../avr/lib/avrxmega3\libc.a(__fmt_s.o)
                0x0000000000000f5a                __fmt_s
                0x0000000000000f5a                __fmt_0_needed
                0x0000000000000f5a                __fmt_s_needed

.text.CLOCK_Initialize
                0x0000000000000fae       0x4a
 .text.CLOCK_Initialize
                0x0000000000000fae       0x4a build/default/debug/mcc_generated_files/system/src/clock.o
                0x0000000000000fae                CLOCK_Initialize

.text.libgcc.div
                0x0000000000000ff8       0x44
 .text.libgcc.div
                0x0000000000000ff8       0x44 c:/program files/microchip/xc8/v3.00/avr/bin/../lib/gcc/avr/5.4.0/avrxmega3\libgcc.a(_udivmodsi4.o)
                0x0000000000000ff8                __udivmodsi4

.text.__fmt_state
                0x000000000000103c       0x40
 .text.__fmt_state
                0x000000000000103c       0x40 c:/program files/microchip/xc8/v3.00/avr/bin/../lib/gcc/avr/5.4.0/../../../../avr/lib/avrxmega3\libc.a(__printf_core.o)
                0x000000000000103c                __fmt_state

.text.__out     0x000000000000107c       0x3a
 .text.__out    0x000000000000107c       0x3a c:/program files/microchip/xc8/v3.00/avr/bin/../lib/gcc/avr/5.4.0/../../../../avr/lib/avrxmega3\libc.a(__printf_core.o)
                0x000000000000107c                __out

.text.libgcc.prologue
                0x00000000000010b6       0x32
 .text.libgcc.prologue
                0x00000000000010b6       0x32 c:/program files/microchip/xc8/v3.00/avr/bin/../lib/gcc/avr/5.4.0/avrxmega3\libgcc.a(_prologue.o)
                0x00000000000010b6                __prologue_saves__

.text.__wrap_printf
                0x00000000000010e8       0x30
 .text.__wrap_printf
                0x00000000000010e8       0x30 c:/program files/microchip/xc8/v3.00/avr/bin/../lib/gcc/avr/5.4.0/../../../../avr/lib/avrxmega3\libc.a(__sio_printf_dosux.o)
                0x00000000000010e8                _printf_cdopsuxX

.text.__vfprintf
                0x0000000000001118       0x30
 .text.__vfprintf
                0x0000000000001118       0x30 c:/program files/microchip/xc8/v3.00/avr/bin/../lib/gcc/avr/5.4.0/../../../../avr/lib/avrxmega3\libc.a(__int_vfprintf.o)
                0x0000000000001118                __vfprintf

.text.libgcc.prologue
                0x0000000000001148       0x30
 .text.libgcc.prologue
                0x0000000000001148       0x30 c:/program files/microchip/xc8/v3.00/avr/bin/../lib/gcc/avr/5.4.0/avrxmega3\libgcc.a(_epilogue.o)
                0x0000000000001148                __epilogue_restores__

.rodata         0x0000000000809178       0x2c load address 0x0000000000001178
 .rodata        0x0000000000809178       0x2c build/default/debug/main.o

.text.strlen    0x00000000000011a4       0x1c
 .text.strlen   0x00000000000011a4       0x1c c:/program files/microchip/xc8/v3.00/avr/bin/../lib/gcc/avr/5.4.0/../../../../avr/lib/avrxmega3\libc.a(strlen.o)
                0x00000000000011a4                strlen

.text.CPUINT_Initialize
                0x00000000000011c0       0x18
 .text.CPUINT_Initialize
                0x00000000000011c0       0x18 build/default/debug/mcc_generated_files/system/src/interrupt.o
                0x00000000000011c0                CPUINT_Initialize

.text.USART0_printCHAR
                0x00000000000011d8       0x18
 .text.USART0_printCHAR
                0x00000000000011d8       0x18 build/default/debug/mcc_generated_files/uart/src/usart0.o
                0x00000000000011d8                USART0_printCHAR

.text.exit      0x00000000000011f0       0x16
 .text.exit     0x00000000000011f0       0x16 c:/program files/microchip/xc8/v3.00/avr/bin/../lib/gcc/avr/5.4.0/../../../../avr/lib/avrxmega3\libc.a(exit.o)
                0x00000000000011f0                exit

.rodata.state_table
                0x0000000000809206       0x16 load address 0x0000000000001206
 .rodata.state_table
                0x0000000000809206       0x16 c:/program files/microchip/xc8/v3.00/avr/bin/../lib/gcc/avr/5.4.0/../../../../avr/lib/avrxmega3\libc.a(__printf_core.o)

.text.SYSTEM_Initialize
                0x000000000000121c       0x12
 .text.SYSTEM_Initialize
                0x000000000000121c       0x12 build/default/debug/mcc_generated_files/system/src/system.o
                0x000000000000121c                SYSTEM_Initialize

.text.toupper   0x000000000000122e       0x12
 .text.toupper  0x000000000000122e       0x12 c:/program files/microchip/xc8/v3.00/avr/bin/../lib/gcc/avr/5.4.0/../../../../avr/lib/avrxmega3\libc.a(toupper.o)
                0x000000000000122e                toupper

.text.tolower   0x0000000000001240       0x10
 .text.tolower  0x0000000000001240       0x10 c:/program files/microchip/xc8/v3.00/avr/bin/../lib/gcc/avr/5.4.0/../../../../avr/lib/avrxmega3\libc.a(tolower.o)
                0x0000000000001240                tolower

.text.USART0_IsTxReady
                0x0000000000001250        0xc
 .text.USART0_IsTxReady
                0x0000000000001250        0xc build/default/debug/mcc_generated_files/uart/src/usart0.o
                0x0000000000001250                USART0_IsTxReady

.text.protected_write_io
                0x000000000000125c        0x8
 .text.protected_write_io
                0x000000000000125c        0x8 build/default/debug/mcc_generated_files/system/src/protected_io.o
                0x000000000000125c                protected_write_io

.rodata.nuls.2781
                0x0000000000809264        0x7 load address 0x0000000000001264
 .rodata.nuls.2781
                0x0000000000809264        0x7 c:/program files/microchip/xc8/v3.00/avr/bin/../lib/gcc/avr/5.4.0/../../../../avr/lib/avrxmega3\libc.a(__fmt_s.o)

.rodata.nilstr.2962
                0x000000000080926b        0x6 load address 0x000000000000126b
 .rodata.nilstr.2962
                0x000000000080926b        0x6 c:/program files/microchip/xc8/v3.00/avr/bin/../lib/gcc/avr/5.4.0/../../../../avr/lib/avrxmega3\libc.a(__printf_core.o)

.text           0x0000000000001272        0x4
 .text          0x0000000000001272        0x4 C:/Program Files/Microchip/MPLABX/v6.25/packs/Microchip/ATtiny_DFP/3.2.268/xc8/avr/lib/avrxmega3/crtattiny1616.o
                0x0000000000001272                __vector_22
                0x0000000000001272                __vector_28
                0x0000000000001272                __vector_1
                0x0000000000001272                __vector_24
                0x0000000000001272                __vector_12
                0x0000000000001272                __bad_interrupt
                0x0000000000001272                __vector_6
                0x0000000000001272                __vector_23
                0x0000000000001272                __vector_30
                0x0000000000001272                __vector_25
                0x0000000000001272                __vector_11
                0x0000000000001272                __vector_13
                0x0000000000001272                __vector_17
                0x0000000000001272                __vector_19
                0x0000000000001272                __vector_7
                0x0000000000001272                __vector_27
                0x0000000000001272                __vector_9
                0x0000000000001272                __vector_2
                0x0000000000001272                __vector_21
                0x0000000000001272                __vector_15
                0x0000000000001272                __vector_29
                0x0000000000001272                __vector_8
                0x0000000000001272                __vector_26
                0x0000000000001272                __vector_14
                0x0000000000001272                __vector_10
                0x0000000000001272                __vector_16
                0x0000000000001272                __vector_18
                0x0000000000001272                __vector_20

.text._Exit     0x0000000000001276        0x4
 .text._Exit    0x0000000000001276        0x4 c:/program files/microchip/xc8/v3.00/avr/bin/../lib/gcc/avr/5.4.0/../../../../avr/lib/avrxmega3\libc.a(_Exit.o)
                0x0000000000001276                _Exit

.text.IO_PB3_DefaultInterruptHandler
                0x000000000000127a        0x2
 .text.IO_PB3_DefaultInterruptHandler
                0x000000000000127a        0x2 build/default/debug/mcc_generated_files/system/src/pins.o
                0x000000000000127a                IO_PB3_DefaultInterruptHandler

.text.IO_PB2_DefaultInterruptHandler
                0x000000000000127c        0x2
 .text.IO_PB2_DefaultInterruptHandler
                0x000000000000127c        0x2 build/default/debug/mcc_generated_files/system/src/pins.o
                0x000000000000127c                IO_PB2_DefaultInterruptHandler

.text.Blu_LED_DefaultInterruptHandler
                0x000000000000127e        0x2
 .text.Blu_LED_DefaultInterruptHandler
                0x000000000000127e        0x2 build/default/debug/mcc_generated_files/system/src/pins.o
                0x000000000000127e                Blu_LED_DefaultInterruptHandler

.text.Red_LED_DefaultInterruptHandler
                0x0000000000001280        0x2
 .text.Red_LED_DefaultInterruptHandler
                0x0000000000001280        0x2 build/default/debug/mcc_generated_files/system/src/pins.o
                0x0000000000001280                Red_LED_DefaultInterruptHandler

.text.USART0_DefaultFramingErrorCallback
                0x0000000000001282        0x2
 .text.USART0_DefaultFramingErrorCallback
                0x0000000000001282        0x2 build/default/debug/mcc_generated_files/uart/src/usart0.o

.text.USART0_DefaultOverrunErrorCallback
                0x0000000000001284        0x2
 .text.USART0_DefaultOverrunErrorCallback
                0x0000000000001284        0x2 build/default/debug/mcc_generated_files/uart/src/usart0.o

.text.USART0_DefaultParityErrorCallback
                0x0000000000001286        0x2
 .text.USART0_DefaultParityErrorCallback
                0x0000000000001286        0x2 build/default/debug/mcc_generated_files/uart/src/usart0.o

.text.__dummy_fini
                0x0000000000001288        0x2
 .text.__dummy_fini
                0x0000000000001288        0x2 c:/program files/microchip/xc8/v3.00/avr/bin/../lib/gcc/avr/5.4.0/../../../../avr/lib/avrxmega3\libc.a(exit.o)
                0x0000000000001288                _fini

.text.__dummy_funcs_on_exit
                0x000000000000128a        0x2
 .text.__dummy_funcs_on_exit
                0x000000000000128a        0x2 c:/program files/microchip/xc8/v3.00/avr/bin/../lib/gcc/avr/5.4.0/../../../../avr/lib/avrxmega3\libc.a(exit.o)
                0x000000000000128a                __funcs_on_exit

.text.__dummy_simulator_exit
                0x000000000000128c        0x2
 .text.__dummy_simulator_exit
                0x000000000000128c        0x2 c:/program files/microchip/xc8/v3.00/avr/bin/../lib/gcc/avr/5.4.0/../../../../avr/lib/avrxmega3\libc.a(exit.o)
                0x000000000000128c                __simulator_exit

.data.USART0_stream
                0x0000000000803802       0x10 load address 0x000000000000128e
 .data.USART0_stream
                0x0000000000803802       0x10 build/default/debug/mcc_generated_files/uart/src/usart0.o
                0x0000000000803802                USART0_stream

.data._stdout   0x0000000000803824        0x2 load address 0x000000000000129e
 .data._stdout  0x0000000000803824        0x2 c:/program files/microchip/xc8/v3.00/avr/bin/../lib/gcc/avr/5.4.0/../../../../avr/lib/avrxmega3\libc.a(stdout.o)
                0x0000000000803824                _stdout
